// Jest Snapshot v1, https://goo.gl/fbAQLP

exports[`snapshots renders correclty 1`] = `
<div>
  <br />
  You complited correct 
  0
   of 
  0
  <br />
   
  <br />
  <Multi
    answers={Array []}
    correctAmount={0}
    setAnswers={[Function]}
    setCorrectAmount={[Function]}
  />
  <Sum
    answers={Array []}
    correctAmount={0}
    setAnswers={[Function]}
    setCorrectAmount={[Function]}
  />
  <Subtract
    answers={Array []}
    correctAmount={0}
    setAnswers={[Function]}
    setCorrectAmount={[Function]}
  />
  <br />
  Your current correct answers of divide exersises 
  0
   of 
  0
  <br />
  Divide : 
  81
   : 
  9
  <input
    onChange={[Function]}
    type="number"
    value=""
  />
  <button
    onClick={[Function]}
  >
    Check
  </button>
  <br />
</div>
`;
