// Jest Snapshot v1, https://goo.gl/fbAQLP

exports[`snapshots renders correclty 1`] = `
<styled.main>
  You complited correct 
  0
   of 
  0
  <Multi
    answers={Array []}
    correctAmount={0}
    setAnswers={[Function]}
    setCorrectAmount={[Function]}
  />
  <Sum
    answers={Array []}
    correctAmount={0}
    setAnswers={[Function]}
    setCorrectAmount={[Function]}
  />
  <Subtract
    answers={Array []}
    correctAmount={0}
    setAnswers={[Function]}
    setCorrectAmount={[Function]}
  />
  <Divide
    answers={Array []}
    correctAmount={0}
    setAnswers={[Function]}
    setCorrectAmount={[Function]}
  />
</styled.main>
`;
