// Jest Snapshot v1, https://goo.gl/fbAQLP

exports[`snapshots renders correclty 1`] = `
<div>
  <br />
  You complited correct 
  0
    of  
  0
  <br />
   
  <br />
  <Multi
    answers={Array []}
    correctAmount={0}
    setAnswers={[Function]}
    setCorrectAmount={[Function]}
  />
  <br />
  Your current correct answers of plus exersises 
  0
   of 
  0
  <br />
  Plus : 
  541
   + 
  644
  <input
    onChange={[Function]}
    type="number"
    value=""
  />
  <button
    onClick={[Function]}
  >
    Check
  </button>
  <br />
  <br />
  Your current correct answers of minus exersises 
  0
   of 
  0
  <br />
  Minus : 
  378
   - 
  21
  <input
    onChange={[Function]}
    type="number"
    value=""
  />
  <button
    onClick={[Function]}
  >
    Check
  </button>
  <br />
  <br />
  Your current correct answers of divide exersises 
  0
   of 
  0
  <br />
  Divide : 
  80
   : 
  10
  <input
    onChange={[Function]}
    type="number"
    value=""
  />
  <button
    onClick={[Function]}
  >
    Check
  </button>
  <br />
</div>
`;
